status: 200
Content-Security-Policy: script-src 'nonce-appNonce123' 'strict-dynamic'; object-src 'none'
Content-Type: text/html; charset=utf-8
Swarmy-Rum: injected
Vary: Accept-Encoding

<!doctype html><html><HEAD><title>Demo</title><script src="/_swarmy/rum.js" async data-app="tok.abc" data-mode="analytics" nonce="appNonce123"></script></HEAD><body><h1>hi</h1></body></html>
