status: 200
Content-Security-Policy: default-src https://cdn.example.com; script-src https://cdn.example.com 'self'; connect-src https://cdn.example.com 'self'
Content-Type: text/html; charset=utf-8
Swarmy-Rum: injected
Vary: Accept-Encoding

<!doctype html><html><HEAD><title>Demo</title><script src="/_swarmy/rum.js" async data-app="tok.abc" data-mode="analytics"></script></HEAD><body><h1>hi</h1></body></html>
